{
  "$schema": "https://json-schema.org/draft-07/schema",
  "title": "JSON Schema for adur-public-toilets.csv",
  "description": "Inferred JSON Schema from QSV schema command",
  "type": "object",
  "properties": {
    "ExtractDate": {
      "description": "ExtractDate column from adur-public-toilets.csv",
      "format": "date",
      "type": [
        "string",
        "null"
      ]
    },
    "OrganisationURI": {
      "description": "OrganisationURI column from adur-public-toilets.csv",
      "minLength": 55,
      "maxLength": 55,
      "type": [
        "string"
      ]
    },
    "OrganisationLabel": {
      "description": "OrganisationLabel column from adur-public-toilets.csv",
      "minLength": 0,
      "maxLength": 4,
      "type": [
        "string",
        "null"
      ],
      "enum": [
        null,
        "Adur"
      ]
    },
    "ServiceTypeURI": {
      "description": "ServiceTypeURI column from adur-public-toilets.csv",
      "minLength": 32,
      "maxLength": 32,
      "type": [
        "string"
      ]
    },
    "ServiceTypeLabel": {
      "description": "ServiceTypeLabel column from adur-public-toilets.csv",
      "minLength": 14,
      "maxLength": 14,
      "type": [
        "string"
      ]
    },
    "LocationText": {
      "description": "LocationText column from adur-public-toilets.csv",
      "minLength": 40,
      "maxLength": 86,
      "type": [
        "string"
      ],
      "enum": [
        "BEACH GREEN PUBLIC CONVENIENCES BRIGHTON ROAD LANCING",
        "BEACH TOILETS BASIN ROAD SOUTH SOUTHWICK",
        "PUBLIC CONVENIENCE SOUTHWICK STREET SOUTHWICK",
        "PUBLIC CONVENIENCES ADUR RECREATION GROUND BRIGHTON ROAD SHOREHAM-BY-SEA",
        "PUBLIC CONVENIENCES BEACH GREEN SHOREHAM-BY-SEA",
        "PUBLIC CONVENIENCES CEMETERY MILL LANE SHOREHAM-BY-SEA",
        "PUBLIC CONVENIENCES FORTHAVEN SHOREHAM-BY-SEA",
        "PUBLIC CONVENIENCES MIDDLE STREET SHOREHAM-BY-SEA",
        "PUBLIC CONVENIENCES MONKS RECREATION GROUND CRABTREE LANE LANCING",
        "PUBLIC CONVENIENCES SHOPSDAM ROAD LANCING",
        "PUBLIC CONVENIENCES SOUTH PAVILION BUCKINGHAM PARK UPPER SHOREHAM ROAD SHOREHAM-BY-SEA",
        "PUBLIC CONVENIENCES YEW TREE CLOSE LANCING",
        "WEST BEACH PUBLIC CONVENIENCES WEST BEACH ROAD LANCING"
      ]
    },
    "CoordinateReferenceSystem": {
      "description": "CoordinateReferenceSystem column from adur-public-toilets.csv",
      "minLength": 5,
      "maxLength": 6,
      "type": [
        "string"
      ],
      "enum": [
        "OSGB3",
        "OSGB36"
      ]
    },
    "GeoX": {
      "description": "GeoX column from adur-public-toilets.csv",
      "minimum": 518072,
      "maximum": 524401,
      "type": [
        "integer"
      ]
    },
    "GeoY": {
      "description": "GeoY column from adur-public-toilets.csv",
      "minimum": 103649,
      "maximum": 106062,
      "type": [
        "integer"
      ]
    },
    "GeoPointLicensingURL": {
      "description": "GeoPointLicensingURL column from adur-public-toilets.csv",
      "minLength": 124,
      "maxLength": 124,
      "type": [
        "string"
      ]
    },
    "Category": {
      "description": "Category column from adur-public-toilets.csv",
      "minLength": 4,
      "maxLength": 15,
      "type": [
        "string"
      ],
      "enum": [
        "Female and male",
        "Mens"
      ]
    },
    "AccessibleCategory": {
      "description": "AccessibleCategory column from adur-public-toilets.csv",
      "minLength": 4,
      "maxLength": 6,
      "type": [
        "string"
      ],
      "enum": [
        "None",
        "Unisex"
      ]
    },
    "RADARKeyNeeded": {
      "description": "RADARKeyNeeded column from adur-public-toilets.csv",
      "minLength": 2,
      "maxLength": 3,
      "type": [
        "string"
      ],
      "enum": [
        "No",
        "Yes"
      ]
    },
    "BabyChange": {
      "description": "BabyChange column from adur-public-toilets.csv",
      "minLength": 2,
      "maxLength": 2,
      "type": [
        "string"
      ]
    },
    "FamilyToilet": {
      "description": "FamilyToilet column from adur-public-toilets.csv",
      "minLength": 2,
      "maxLength": 2,
      "type": [
        "string"
      ]
    },
    "ChangingPlace": {
      "description": "ChangingPlace column from adur-public-toilets.csv",
      "minLength": 2,
      "maxLength": 2,
      "type": [
        "string"
      ]
    },
    "AutomaticPublicConvenience": {
      "description": "AutomaticPublicConvenience column from adur-public-toilets.csv",
      "minLength": 2,
      "maxLength": 2,
      "type": [
        "string"
      ]
    },
    "FullTimeStaffing": {
      "description": "FullTimeStaffing column from adur-public-toilets.csv",
      "minLength": 2,
      "maxLength": 2,
      "type": [
        "string"
      ]
    },
    "PartOfCommunityScheme": {
      "description": "PartOfCommunityScheme column from adur-public-toilets.csv",
      "minLength": 2,
      "maxLength": 2,
      "type": [
        "string"
      ]
    },
    "CommunitySchemeName": {
      "description": "CommunitySchemeName column from adur-public-toilets.csv",
      "type": [
        "null"
      ]
    },
    "ChargeAmount": {
      "description": "ChargeAmount column from adur-public-toilets.csv",
      "type": [
        "null"
      ]
    },
    "InfoURL": {
      "description": "InfoURL column from adur-public-toilets.csv",
      "minLength": 66,
      "maxLength": 66,
      "type": [
        "string"
      ]
    },
    "OpeningHours": {
      "description": "OpeningHours column from adur-public-toilets.csv",
      "minLength": 0,
      "maxLength": 36,
      "type": [
        "string",
        "null"
      ],
      "enum": [
        null,
        "09.00 - 17.00",
        "S = 08:00 - 21:00 W = 08:00 - 17:00",
        "S = 09:00 - 15:00 W = 09:00 - 15:00",
        "S = 09:00 - 21:00 W = 09:00 - 17:00"
      ]
    },
    "ManagedBy": {
      "description": "ManagedBy column from adur-public-toilets.csv",
      "minLength": 0,
      "maxLength": 3,
      "type": [
        "string",
        "null"
      ],
      "enum": [
        null,
        "ADC"
      ]
    },
    "ReportEmail": {
      "description": "ReportEmail column from adur-public-toilets.csv",
      "minLength": 31,
      "maxLength": 32,
      "type": [
        "string"
      ],
      "pattern": "^surveyor_(?:(?:1[0-5]|[2-9])|1)@adur\\-worthing\\.gov\\.uk$"
    },
    "ReportTel": {
      "description": "ReportTel column from adur-public-toilets.csv",
      "minLength": 12,
      "maxLength": 12,
      "type": [
        "string"
      ]
    },
    "Notes": {
      "description": "Notes column from adur-public-toilets.csv",
      "minLength": 0,
      "maxLength": 29,
      "type": [
        "string",
        "null"
      ],
      "enum": [
        null,
        "Grounds staff only not public"
      ]
    },
    "UPRN": {
      "description": "UPRN column from adur-public-toilets.csv",
      "minimum": 60001449,
      "maximum": 60034215,
      "type": [
        "integer"
      ]
    },
    "Postcode": {
      "description": "Postcode column from adur-public-toilets.csv",
      "type": [
        "null"
      ]
    },
    "StreetAddress": {
      "description": "StreetAddress column from adur-public-toilets.csv",
      "minLength": 0,
      "maxLength": 86,
      "type": [
        "string",
        "null"
      ]
    },
    "GeoAreaURI": {
      "description": "GeoAreaURI column from adur-public-toilets.csv",
      "type": [
        "null"
      ]
    },
    "GeoAreaLabel": {
      "description": "GeoAreaLabel column from adur-public-toilets.csv",
      "type": [
        "null"
      ]
    }
  },
  "required": [
    "ExtractDate",
    "OrganisationURI",
    "OrganisationLabel",
    "ServiceTypeURI",
    "ServiceTypeLabel",
    "LocationText",
    "CoordinateReferenceSystem",
    "GeoX",
    "GeoY",
    "GeoPointLicensingURL",
    "Category",
    "AccessibleCategory",
    "RADARKeyNeeded",
    "BabyChange",
    "FamilyToilet",
    "ChangingPlace",
    "AutomaticPublicConvenience",
    "FullTimeStaffing",
    "PartOfCommunityScheme",
    "CommunitySchemeName",
    "ChargeAmount",
    "InfoURL",
    "OpeningHours",
    "ManagedBy",
    "ReportEmail",
    "ReportTel",
    "Notes",
    "UPRN",
    "Postcode",
    "StreetAddress",
    "GeoAreaURI",
    "GeoAreaLabel"
  ]
}